// Jest Snapshot v1, https://goo.gl/fbAQLP

exports[`should match Calculator snapshot 1`] = `
<div
  className="centered"
>
  <h2>
    Lets do some Math!
  </h2>
  <div>
    <div
      className="is-flex calculator"
    >
      <div
        className="is-display"
        data-testid="display-panel"
      >
        <h2
          className="display-heading"
        >
          0
          
          
        </h2>
      </div>
      <div
        data-testid="button-panel"
      >
        <div
          className="calculator-row"
        >
          <button
            className="button"
            data-testid="button"
            onClick={[Function]}
            type="button"
          >
            AC
          </button>
          <button
            className="button"
            data-testid="button"
            onClick={[Function]}
            type="button"
          >
            +/-
          </button>
          <button
            className="button"
            data-testid="button"
            onClick={[Function]}
            type="button"
          >
            %
          </button>
          <button
            className="button"
            data-testid="button"
            onClick={[Function]}
            type="button"
          >
            /
          </button>
        </div>
        <div
          className="calculator-row"
        >
          <button
            className="button"
            data-testid="button"
            onClick={[Function]}
            type="button"
          >
            7
          </button>
          <button
            className="button"
            data-testid="button"
            onClick={[Function]}
            type="button"
          >
            8
          </button>
          <button
            className="button"
            data-testid="button"
            onClick={[Function]}
            type="button"
          >
            9
          </button>
          <button
            className="button"
            data-testid="button"
            onClick={[Function]}
            type="button"
          >
            x
          </button>
        </div>
        <div
          className="calculator-row"
        >
          <button
            className="button"
            data-testid="button"
            onClick={[Function]}
            type="button"
          >
            4
          </button>
          <button
            className="button"
            data-testid="button"
            onClick={[Function]}
            type="button"
          >
            5
          </button>
          <button
            className="button"
            data-testid="button"
            onClick={[Function]}
            type="button"
          >
            6
          </button>
          <button
            className="button"
            data-testid="button"
            onClick={[Function]}
            type="button"
          >
            -
          </button>
        </div>
        <div
          className="calculator-row"
        >
          <button
            className="button"
            data-testid="button"
            onClick={[Function]}
            type="button"
          >
            1
          </button>
          <button
            className="button"
            data-testid="button"
            onClick={[Function]}
            type="button"
          >
            2
          </button>
          <button
            className="button"
            data-testid="button"
            onClick={[Function]}
            type="button"
          >
            3
          </button>
          <button
            className="button"
            data-testid="button"
            onClick={[Function]}
            type="button"
          >
            +
          </button>
        </div>
        <div
          className="calculator-row"
        >
          <button
            className="button"
            data-testid="button"
            onClick={[Function]}
            type="button"
          >
            0
          </button>
          <button
            className="button"
            data-testid="button"
            onClick={[Function]}
            type="button"
          >
            .
          </button>
          <button
            className="button"
            data-testid="button"
            onClick={[Function]}
            type="button"
          >
            =
          </button>
        </div>
      </div>
    </div>
  </div>
</div>
`;
