// Jest Snapshot v1, https://goo.gl/fbAQLP

exports[`should match the Homepage snapshot 1`] = `
<div
  className="centered"
>
  <h1>
    Welcome to our page!
  </h1>
  <p>
    Lorem ipsum dolor sit amet consectetur adipisicing elit. Libero vel quibusdam veritatis quaerat excepturi exercitationem numquam eligendi ut, mollitia voluptate! Lorem ipsum dolor sit amet consectetur adipisicing elit. Corrupti mollitia ullam voluptatem quam exercitationem!
  </p>
  <p>
    Lorem ipsum dolor sit amet consectetur adipisicing elit. Corrupti mollitia ullam voluptatem quam exercitationem! Lorem ipsum dolor sit amet consectetur adipisicing elit. Corrupti mollitia ullam voluptatem quam exercitationem!
  </p>
  <p>
    Lorem ipsum dolor, sit amet consectetur adipisicing elit. Recusandae nihil praesentium reiciendis ut fugiat. Voluptas rem natus aut magni assumenda. Lorem ipsum dolor sit amet consectetur adipisicing elit. Corrupti mollitia ullam voluptatem quam exercitationem!
  </p>
  <p>
    Lorem ipsum dolor sit amet consectetur adipisicing elit. Corrupti mollitia ullam voluptatem quam exercitationem! Lorem ipsum dolor sit amet consectetur adipisicing elit. Corrupti mollitia ullam voluptatem quam exercitationem!
  </p>
  <p>
    Lorem ipsum dolor sit amet consectetur adipisicing elit. Corrupti mollitia ullam voluptatem quam exercitationem! Lorem ipsum dolor sit amet consectetur adipisicing elit. Corrupti mollitia ullam voluptatem quam exercitationem!
  </p>
  <p>
    Lorem ipsum dolor sit amet consectetur adipisicing elit. Corrupti mollitia ullam voluptatem quam exercitationem! Lorem ipsum dolor sit amet consectetur adipisicing elit. Corrupti mollitia ullam voluptatem quam exercitationem!
  </p>
  <p>
    Lorem ipsum dolor sit amet consectetur adipisicing elit. Corrupti mollitia ullam voluptatem quam exercitationem! Lorem ipsum dolor sit amet consectetur adipisicing elit. Corrupti mollitia ullam voluptatem quam exercitationem!
  </p>
</div>
`;
